// Jest Snapshot v1, https://goo.gl/fbAQLP

exports[`HomePage.vue renders correctly 1`] = `<home-template-stub />`;
