// Jest Snapshot v1, https://goo.gl/fbAQLP

exports[`PageHeader.vue renders correctly 1`] = `
<header>
  <logo-stub />
</header>
`;
