// Jest Snapshot v1, https://goo.gl/fbAQLP

exports[`HomeTemplate.vue renders correctly 1`] = `
<div
  class="home"
>
  <pageheader-stub />
   
  <movielist-stub />
</div>
`;
