// Jest Snapshot v1, https://goo.gl/fbAQLP

exports[`Logo.vue renders correctly 1`] = `
<a>
  <img
    alt="MovieSquare! logo"
    class="logo"
    src="@/assets/img/logo.svg"
  />
</a>
`;
